                                                                                     
                              ABACUS v3.11.0-beta.1

               Atomic-orbital Based Ab-initio Computation at UStc                    

                     Website: http://abacus.ustc.edu.cn/                             
               Documentation: https://abacus.deepmodeling.com/                       
                  Repository: https://github.com/abacusmodeling/abacus-develop       
                              https://github.com/deepmodeling/abacus-develop         
                      Commit: 0e6f73dcd (Sat May 23 14:12:42 2026 +0800)

 Info: Local MPI proc number: 1,OpenMP thread number: 4,Total thread number: 4,Local thread limit: 96
Sat May 23 19:13:49 2026
 MAKE THE DIR         : OUT.abacus/
 RUNNING WITH DEVICE  : CPU / AMD EPYC 9475F 48-Core Processor (x1)
 WARNING: some of potential function is set to zero cause of less than 1e-30.
 WARNING: some of potential function is set to zero cause of less than 1e-30.
 UNIFORM GRID DIM     : 128 * 128 * 128
 UNIFORM GRID DIM(BIG): 128 * 128 * 128
 DONE(0.220634   SEC) : SYMMETRY
 DONE(0.220638   SEC) : SETUP UNITCELL
 DONE(0.262218   SEC) : INIT K-POINTS
 ----------------------------------------------------------------
 Self-consistent calculations for electrons
 ----------------------------------------------------------------
 SPIN    KPOINTS         PROCESSES   THREADS/PROC  THREADS/TOTAL 
 1       8               1           4             4             
 ----------------------------------------------------------------
 Use plane wave basis
 ----------------------------------------------------------------
 ELEMENT NATOM       
 H       2           
 O       1           
 ----------------------------------------------------------------
 Initial plane wave basis and FFT box
 ----------------------------------------------------------------
 DONE(0.330976   SEC) : INIT PLANEWAVE
 START CHARGE         : atomic
 DONE(0.386148   SEC) : LOCAL POTENTIAL
 DONE(0.396981   SEC) : NON-LOCAL POTENTIAL
 MEMORY FOR PSI (MB)  : 96.0608
 WARNING: init_wfc = atomic requires atomic pseudo wavefunctions(PP_PSWFC),
 but none available. Automatically switch to random initialization.
 DONE(0.397031   SEC) : INIT BASIS

 ================================================================
 SELF-CONSISTENT: 
 ================================================================
 DONE(1.60457    SEC) : INIT SCF
 ITER       ETOT/eV          EDIFF/eV         DRHO     TIME/s
 CG1     -4.65091696e+02   0.00000000e+00   4.0572e-01   8.09
 CG2     -4.65772403e+02  -6.80706597e-01   4.5596e-02   2.68
 CG3     -4.65775017e+02  -2.61396170e-03   1.4853e-02   3.91
 CG4     -4.65784911e+02  -9.89381556e-03   1.2871e-03   3.12
 CG5     -4.65790774e+02  -5.86359845e-03   8.4697e-04   3.64
 CG6     -4.65790523e+02   2.51391658e-04   7.2266e-04   3.73
 CG7     -4.65791355e+02  -8.32554554e-04   1.7974e-04   2.90
 CG8     -4.65791621e+02  -2.65588823e-04   3.4311e-04   4.57
 CG9     -4.65792075e+02  -4.54165956e-04   4.3449e-05   3.36
 CG10    -4.65792158e+02  -8.25862908e-05   2.0285e-05   4.83
 CG11    -4.65792141e+02   1.63503759e-05   5.4973e-06   3.69
 CG12    -4.65792142e+02  -1.07871300e-06   7.8151e-06   5.64
 CG13    -4.65792102e+02   4.01858838e-05   2.6832e-06   4.09
 CG14    -4.65792111e+02  -8.45476314e-06   6.9328e-07   5.12
 CG15    -4.65792111e+02  -3.66634958e-07   7.2982e-08   5.22
 CG16    -4.65792111e+02  -1.58701399e-07   1.8035e-08   5.93
 CG17    -4.65792112e+02  -3.79689662e-07   2.4995e-08   6.34
 CG18    -4.65792110e+02   1.52675226e-06   2.2490e-09   5.96
 ----------------------------------------------------------------
              Stress_x             Stress_y             Stress_z 
 ----------------------------------------------------------------
         -2.1841846199        -0.3414447051        -0.0690578572 
         -0.3414447051        -2.3749579793        -0.1323588011 
         -0.0690578572        -0.1323588011        -2.0127274541 
 ----------------------------------------------------------------
 TOTAL-PRESSURE (EXCLUDE KINETIC PART OF IONS): -2.190623 kbar

 TIME STATISTICS
-----------------------------------------------------------------
   CLASS_NAME          NAME        TIME/s  CALLS   AVG/s  PER/%  
-----------------------------------------------------------------
                 total             86.02  17       5.06   100.00 
 Driver          atomic_world      86.02  1        86.02  100.00 
 PW_Basis_Sup    recip2real        1.15   137      0.01   1.34   
 Relax_Driver    relax_driver      85.58  1        85.58  99.48  
 ESolver_KS      runner            84.06  1        84.06  97.72  
 ESolver_KS_PW   before_scf        1.21   1        1.21   1.40   
 Potential       cal_veff          3.45   19       0.18   4.01   
 PW_Basis_Sup    real2recip        1.15   176      0.01   1.34   
 PotXC           cal_veff          2.96   19       0.16   3.44   
 XC_Functional   v_xc              2.95   19       0.16   3.43   
 Symmetry_rho    begin             2.36   19       0.12   2.75   
 Symmetry        rhog_symmetry     1.95   19       0.10   2.26   
 Symmetry        group_fft_grids   1.22   19       0.06   1.42   
 DiagoIterAssist diag_subspace     10.08  144      0.07   11.71  
 Operator        hPsi              61.51  5064     0.01   71.50  
 Operator        EkineticPW        0.87   5064     0.00   1.01   
 Operator        veff_pw           50.41  5064     0.01   58.61  
 PW_Basis_K      recip2real        32.66  6648     0.00   37.96  
 PW_Basis_K      real2recip        20.64  5784     0.00   24.00  
 Operator        nonlocal_pw       10.21  5064     0.00   11.87  
 Nonlocal        add_nonlocal_pp   4.54   5064     0.00   5.28   
 ESolver_KS_PW   hamilt2rho_single 78.78  18       4.38   91.57  
 HSolverPW       solve             76.54  18       4.25   88.98  
 HSolverPW       solve_psik        71.74  144      0.50   83.40  
 DiagoCG         diag_once         62.04  144      0.43   72.12  
 ElecStatePW     psiToRho          4.10   18       0.23   4.76   
 Stress_PW       cal_stress        1.11   1        1.11   1.29   
 Stress          stress_nl         0.95   1        0.95   1.11   
-----------------------------------------------------------------


 START  Time  : Sat May 23 19:13:49 2026
 FINISH Time  : Sat May 23 19:15:15 2026
 TOTAL  Time  : 86
 SEE INFORMATION IN : OUT.abacus/
