                                                                                     
                              ABACUS v3.11.0-beta.1

               Atomic-orbital Based Ab-initio Computation at UStc                    

                     Website: http://abacus.ustc.edu.cn/                             
               Documentation: https://abacus.deepmodeling.com/                       
                  Repository: https://github.com/abacusmodeling/abacus-develop       
                              https://github.com/deepmodeling/abacus-develop         
                      Commit: 0e6f73dcd (Sat May 23 14:12:42 2026 +0800)

 Sat May 23 19:11:37 2026
Info: Local MPI proc number: 1,OpenMP thread number: 2,Total thread number: 2,Local thread limit: 96
 MAKE THE DIR         : OUT.abacus/
 RUNNING WITH DEVICE  : CPU / AMD EPYC 9475F 48-Core Processor (x1)
 WARNING: some of potential function is set to zero cause of less than 1e-30.
 WARNING: some of potential function is set to zero cause of less than 1e-30.
 UNIFORM GRID DIM     : 128 * 128 * 128
 UNIFORM GRID DIM(BIG): 128 * 128 * 128
 DONE(0.220887   SEC) : SYMMETRY
 DONE(0.220892   SEC) : SETUP UNITCELL
 DONE(0.261401   SEC) : INIT K-POINTS
 ----------------------------------------------------------------
 Self-consistent calculations for electrons
 ----------------------------------------------------------------
 SPIN    KPOINTS         PROCESSES   THREADS/PROC  THREADS/TOTAL 
 1       8               1           2             2             
 ----------------------------------------------------------------
 Use plane wave basis
 ----------------------------------------------------------------
 ELEMENT NATOM       
 H       2           
 O       1           
 ----------------------------------------------------------------
 Initial plane wave basis and FFT box
 ----------------------------------------------------------------
 DONE(0.344146   SEC) : INIT PLANEWAVE
 START CHARGE         : atomic
 DONE(0.423248   SEC) : LOCAL POTENTIAL
 DONE(0.434263   SEC) : NON-LOCAL POTENTIAL
 MEMORY FOR PSI (MB)  : 96.0608
 WARNING: init_wfc = atomic requires atomic pseudo wavefunctions(PP_PSWFC),
 but none available. Automatically switch to random initialization.
 DONE(0.434325   SEC) : INIT BASIS

 ================================================================
 SELF-CONSISTENT: 
 ================================================================
 DONE(2.13322    SEC) : INIT SCF
 ITER       ETOT/eV          EDIFF/eV         DRHO     TIME/s
 CG1     -4.65091696e+02   0.00000000e+00   4.0572e-01  12.50
 CG2     -4.65772403e+02  -6.80706597e-01   4.5596e-02   4.14
 CG3     -4.65775017e+02  -2.61396184e-03   1.4853e-02   6.01
 CG4     -4.65784911e+02  -9.89381554e-03   1.2871e-03   4.81
 CG5     -4.65790774e+02  -5.86359850e-03   8.4697e-04   5.61
 CG6     -4.65790523e+02   2.51391689e-04   7.2266e-04   5.74
 CG7     -4.65791355e+02  -8.32554543e-04   1.7974e-04   4.47
 CG8     -4.65791621e+02  -2.65588825e-04   3.4311e-04   7.08
 CG9     -4.65792075e+02  -4.54165946e-04   4.3449e-05   5.20
 CG10    -4.65792158e+02  -8.25863051e-05   2.0285e-05   7.44
 CG11    -4.65792141e+02   1.63503731e-05   5.4973e-06   5.71
 CG12    -4.65792142e+02  -1.07870836e-06   7.8151e-06   8.68
 CG13    -4.65792102e+02   4.01858735e-05   2.6832e-06   6.30
 CG14    -4.65792111e+02  -8.45474370e-06   6.9328e-07   7.88
 CG15    -4.65792111e+02  -3.66639115e-07   7.2982e-08   8.02
 CG16    -4.65792111e+02  -1.58689218e-07   1.8035e-08   9.13
 CG17    -4.65792112e+02  -3.79759944e-07   2.4994e-08   9.66
 CG18    -4.65792110e+02   1.52681152e-06   2.2491e-09   9.01
 ----------------------------------------------------------------
              Stress_x             Stress_y             Stress_z 
 ----------------------------------------------------------------
         -2.1841844773        -0.3414446729        -0.0690578527 
         -0.3414446729        -2.3749578193        -0.1323587894 
         -0.0690578527        -0.1323587894        -2.0127273177 
 ----------------------------------------------------------------
 TOTAL-PRESSURE (EXCLUDE KINETIC PART OF IONS): -2.190623 kbar

 TIME STATISTICS
-----------------------------------------------------------------
   CLASS_NAME          NAME        TIME/s  CALLS   AVG/s  PER/%  
-----------------------------------------------------------------
                 total             131.40 17       7.73   100.00 
 Driver          atomic_world      131.40 1        131.40 100.00 
 PW_Basis_Sup    recip2real        1.90   137      0.01   1.45   
 Relax_Driver    relax_driver      130.91 1        130.91 99.63  
 ESolver_KS      runner            129.14 1        129.14 98.29  
 ESolver_KS_PW   before_scf        1.70   1        1.70   1.29   
 Potential       cal_veff          5.40   19       0.28   4.11   
 PW_Basis_Sup    real2recip        2.19   176      0.01   1.67   
 PotXC           cal_veff          4.62   19       0.24   3.52   
 XC_Functional   v_xc              4.61   19       0.24   3.51   
 Symmetry_rho    begin             2.74   19       0.14   2.08   
 Symmetry        rhog_symmetry     2.08   19       0.11   1.59   
 DiagoIterAssist diag_subspace     15.68  144      0.11   11.93  
 Operator        hPsi              98.89  5064     0.02   75.26  
 Operator        veff_pw           87.86  5064     0.02   66.86  
 PW_Basis_K      recip2real        52.42  6648     0.01   39.89  
 PW_Basis_K      real2recip        39.10  5784     0.01   29.76  
 Operator        nonlocal_pw       10.31  5064     0.00   7.85   
 Nonlocal        add_nonlocal_pp   4.55   5064     0.00   3.46   
 ESolver_KS_PW   hamilt2rho_single 121.06 18       6.73   92.13  
 HSolverPW       solve             118.48 18       6.58   90.17  
 HSolverPW       solve_psik        110.37 144      0.77   83.99  
 DiagoCG         diag_once         95.38  144      0.66   72.59  
 ElecStatePW     psiToRho          6.90   18       0.38   5.25   
-----------------------------------------------------------------


 START  Time  : Sat May 23 19:11:37 2026
 FINISH Time  : Sat May 23 19:13:49 2026
 TOTAL  Time  : 132
 SEE INFORMATION IN : OUT.abacus/
