                                                                                     
                              ABACUS v3.11.0-beta.1

               Atomic-orbital Based Ab-initio Computation at UStc                    

                     Website: http://abacus.ustc.edu.cn/                             
               Documentation: https://abacus.deepmodeling.com/                       
                  Repository: https://github.com/abacusmodeling/abacus-develop       
                              https://github.com/deepmodeling/abacus-develop         
                      Commit: 0e6f73dcd (Sat May 23 14:12:42 2026 +0800)

 Info: Local MPI proc number: 1,OpenMP thread number: 8,Total thread number: 8,Local thread limit: 96
Sat May 23 19:15:15 2026
 MAKE THE DIR         : OUT.abacus/
 RUNNING WITH DEVICE  : CPU / AMD EPYC 9475F 48-Core Processor (x1)
 WARNING: some of potential function is set to zero cause of less than 1e-30.
 WARNING: some of potential function is set to zero cause of less than 1e-30.
 UNIFORM GRID DIM     : 128 * 128 * 128
 UNIFORM GRID DIM(BIG): 128 * 128 * 128
 DONE(0.224437   SEC) : SYMMETRY
 DONE(0.224442   SEC) : SETUP UNITCELL
 DONE(0.265157   SEC) : INIT K-POINTS
 ----------------------------------------------------------------
 Self-consistent calculations for electrons
 ----------------------------------------------------------------
 SPIN    KPOINTS         PROCESSES   THREADS/PROC  THREADS/TOTAL 
 1       8               1           8             8             
 ----------------------------------------------------------------
 Use plane wave basis
 ----------------------------------------------------------------
 ELEMENT NATOM       
 H       2           
 O       1           
 ----------------------------------------------------------------
 Initial plane wave basis and FFT box
 ----------------------------------------------------------------
 DONE(0.329582   SEC) : INIT PLANEWAVE
 START CHARGE         : atomic
 DONE(0.379382   SEC) : LOCAL POTENTIAL
 DONE(0.390135   SEC) : NON-LOCAL POTENTIAL
 MEMORY FOR PSI (MB)  : 96.0608
 WARNING: init_wfc = atomic requires atomic pseudo wavefunctions(PP_PSWFC),
 but none available. Automatically switch to random initialization.
 DONE(0.390187   SEC) : INIT BASIS

 ================================================================
 SELF-CONSISTENT: 
 ================================================================
 DONE(1.33724    SEC) : INIT SCF
 ITER       ETOT/eV          EDIFF/eV         DRHO     TIME/s
 CG1     -4.65091696e+02   0.00000000e+00   4.0572e-01   5.44
 CG2     -4.65772403e+02  -6.80706597e-01   4.5596e-02   1.82
 CG3     -4.65775017e+02  -2.61396166e-03   1.4853e-02   2.67
 CG4     -4.65784911e+02  -9.89381555e-03   1.2871e-03   2.14
 CG5     -4.65790774e+02  -5.86359844e-03   8.4697e-04   2.49
 CG6     -4.65790523e+02   2.51391648e-04   7.2266e-04   2.55
 CG7     -4.65791355e+02  -8.32554542e-04   1.7974e-04   1.98
 CG8     -4.65791621e+02  -2.65588832e-04   3.4311e-04   3.13
 CG9     -4.65792075e+02  -4.54165966e-04   4.3449e-05   2.30
 CG10    -4.65792158e+02  -8.25862816e-05   2.0285e-05   3.28
 CG11    -4.65792141e+02   1.63503745e-05   5.4973e-06   2.53
 CG12    -4.65792142e+02  -1.07870149e-06   7.8151e-06   3.85
 CG13    -4.65792102e+02   4.01858819e-05   2.6832e-06   2.81
 CG14    -4.65792111e+02  -8.45476671e-06   6.9328e-07   3.50
 CG15    -4.65792111e+02  -3.66653809e-07   7.2982e-08   3.57
 CG16    -4.65792111e+02  -1.58692215e-07   1.8035e-08   4.06
 CG17    -4.65792112e+02  -3.79687728e-07   2.4995e-08   4.33
 CG18    -4.65792110e+02   1.52673853e-06   2.2490e-09   4.07
 ----------------------------------------------------------------
              Stress_x             Stress_y             Stress_z 
 ----------------------------------------------------------------
         -2.1841846159        -0.3414447021        -0.0690578559 
         -0.3414447021        -2.3749579735        -0.1323588000 
         -0.0690578559        -0.1323588000        -2.0127274520 
 ----------------------------------------------------------------
 TOTAL-PRESSURE (EXCLUDE KINETIC PART OF IONS): -2.190623 kbar

 TIME STATISTICS
-----------------------------------------------------------------
   CLASS_NAME          NAME        TIME/s  CALLS   AVG/s  PER/%  
-----------------------------------------------------------------
                 total             59.32  17       3.49   100.00 
 Driver          atomic_world      59.32  1        59.32  100.00 
 PW_Basis_Sup    recip2real        0.62   137      0.00   1.05   
 Relax_Driver    relax_driver      58.88  1        58.88  99.26  
 ESolver_KS      runner            57.49  1        57.49  96.91  
 ESolver_KS_PW   before_scf        0.95   1        0.95   1.60   
 Potential       cal_veff          2.34   19       0.12   3.94   
 PW_Basis_Sup    real2recip        0.61   176      0.00   1.03   
 PotXC           cal_veff          1.94   19       0.10   3.28   
 XC_Functional   v_xc              1.93   19       0.10   3.25   
 Symmetry_rho    begin             2.13   19       0.11   3.59   
 Symmetry        rhog_symmetry     1.82   19       0.10   3.06   
 Symmetry        group_fft_grids   1.23   19       0.06   2.07   
 PSIPrepare      initialize_psi    0.64   1        0.64   1.09   
 DiagoIterAssist diag_subspace     6.82   144      0.05   11.49  
 Operator        hPsi              38.74  5064     0.01   65.30  
 Operator        EkineticPW        0.92   5064     0.00   1.55   
 Operator        veff_pw           27.75  5064     0.01   46.77  
 PW_Basis_K      recip2real        19.21  6648     0.00   32.39  
 PW_Basis_K      real2recip        10.45  5784     0.00   17.62  
 Operator        nonlocal_pw       10.06  5064     0.00   16.95  
 Nonlocal        add_nonlocal_pp   4.43   5064     0.00   7.47   
 ESolver_KS_PW   hamilt2rho_single 53.70  18       2.98   90.52  
 HSolverPW       solve             51.69  18       2.87   87.14  
 HSolverPW       solve_psik        48.72  144      0.34   82.12  
 DiagoCG         diag_once         42.09  144      0.29   70.94  
 ElecStatePW     psiToRho          2.54   18       0.14   4.28   
 Stress_PW       cal_stress        1.03   1        1.03   1.74   
 Stress          stress_nl         0.92   1        0.92   1.55   
-----------------------------------------------------------------


 START  Time  : Sat May 23 19:15:15 2026
 FINISH Time  : Sat May 23 19:16:15 2026
 TOTAL  Time  : 60
 SEE INFORMATION IN : OUT.abacus/
