                                                                                     
                              ABACUS v3.11.0-beta.1

               Atomic-orbital Based Ab-initio Computation at UStc                    

                     Website: http://abacus.ustc.edu.cn/                             
               Documentation: https://abacus.deepmodeling.com/                       
                  Repository: https://github.com/abacusmodeling/abacus-develop       
                              https://github.com/deepmodeling/abacus-develop         
                      Commit: 0e6f73dcd (Sat May 23 14:12:42 2026 +0800)

 Sat May 23 19:16:15 2026
Info: Local MPI proc number: 1,OpenMP thread number: 1,Total thread number: 1,Local thread limit: 96
 MAKE THE DIR         : OUT.autotest/
%%%%%%%%%%%%%%%%%%%%%%%%%%%%%%%%%%%%%%%%%%%%%%%%%%%%%%%%%%%%%%%%%%%%%%%%%%%%%%%
 Warning: The lattice vector is left-handed; a right-handed vector is prefered.
%%%%%%%%%%%%%%%%%%%%%%%%%%%%%%%%%%%%%%%%%%%%%%%%%%%%%%%%%%%%%%%%%%%%%%%%%%%%%%%
 RUNNING WITH DEVICE  : CPU / AMD EPYC 9475F 48-Core Processor (x1)
 WARNING: some of potential function is set to zero cause of less than 1e-30.
 UNIFORM GRID DIM     : 72 * 72 * 72
 UNIFORM GRID DIM(BIG): 72 * 72 * 72
 DONE(0.107107   SEC) : SYMMETRY
 DONE(0.107111   SEC) : SETUP UNITCELL
 DONE(0.149008   SEC) : INIT K-POINTS
 ----------------------------------------------------------------
 Self-consistent calculations for electrons
 ----------------------------------------------------------------
 SPIN    KPOINTS         PROCESSES   THREADS/PROC  THREADS/TOTAL 
 1       10              1           1             1             
 ----------------------------------------------------------------
 Use plane wave basis
 ----------------------------------------------------------------
 ELEMENT NATOM       
 Si      16          
 ----------------------------------------------------------------
 Initial plane wave basis and FFT box
 ----------------------------------------------------------------
 DONE(0.187776   SEC) : INIT PLANEWAVE
 START CHARGE         : atomic
 DONE(0.202724   SEC) : LOCAL POTENTIAL
 DONE(0.221419   SEC) : NON-LOCAL POTENTIAL
 MEMORY FOR PSI (MB)  : 106.897
 WARNING: init_wfc = atomic requires atomic pseudo wavefunctions(PP_PSWFC),
 but none available. Automatically switch to random initialization.
 DONE(0.221454   SEC) : INIT BASIS

 ================================================================
 SELF-CONSISTENT: 
 ================================================================
 DONE(0.608681   SEC) : INIT SCF
 ITER       ETOT/eV          EDIFF/eV         DRHO     TIME/s
 DA1     -1.71620703e+03   0.00000000e+00   4.3835e-01  41.70
 DA2     -1.71555186e+03   6.55172155e-01   2.1289e-01   6.68
 DA3     -1.71573361e+03  -1.81754165e-01   1.1322e-03   6.81
 DA4     -1.71574975e+03  -1.61371363e-02   9.0091e-05  20.48
 DA5     -1.71575007e+03  -3.21942680e-04   1.2036e-05   9.09
 DA6     -1.71575011e+03  -3.74656620e-05   8.7943e-07  12.77
 DA7     -1.71575011e+03  -1.76766074e-06   1.9175e-07  13.30
 DA8     -1.71575011e+03  -2.78303845e-07   1.2008e-08   7.73
 DA9     -1.71575011e+03  -7.98568378e-09   7.0782e-09  15.07
 ----------------------------------------------------------------
              Stress_x             Stress_y             Stress_z 
 ----------------------------------------------------------------
         41.2729890964        -0.0000000000         0.0000000000 
          0.0000000000        41.2729890964         0.0000000000 
          0.0000000000         0.0000000000        41.2729890964 
 ----------------------------------------------------------------
 TOTAL-PRESSURE (EXCLUDE KINETIC PART OF IONS): 41.272989 kbar

 TIME STATISTICS
---------------------------------------------------------------
  CLASS_NAME         NAME        TIME/s  CALLS   AVG/s  PER/%  
---------------------------------------------------------------
               total             140.92 17       8.29   100.00 
 Driver        atomic_world      140.92 1        140.92 100.00 
 Relax_Driver  relax_driver      140.68 1        140.68 99.83  
 ESolver_KS    runner            134.02 1        134.02 95.10  
 ESolver_KS_PW hamilt2rho_single 132.89 10       13.29  94.30  
 HSolverPW     solve             132.67 10       13.27  94.15  
 HSolverPW     solve_psik        127.45 100      1.27   90.44  
 DiagoDavid    diag_once         124.58 100      1.25   88.41  
 DiagoDavid    first             24.04  100      0.24   17.06  
 DiagoDavid    SchmidtOrth       10.34  14087    0.00   7.33   
 Operator      hPsi              70.13  842      0.08   49.77  
 Operator      veff_pw           31.62  842      0.04   22.44  
 PW_Basis_K    recip2real        19.86  18287    0.00   14.09  
 PW_Basis_K    real2recip        14.91  14087    0.00   10.58  
 Operator      nonlocal_pw       38.39  842      0.05   27.24  
 Nonlocal      add_nonlocal_pp   16.39  842      0.02   11.63  
 DiagoDavid    cal_elem          11.68  842      0.01   8.29   
 DiagoDavid    diag_zhegvx       1.51   842      0.00   1.07   
 DiagoDavid    cal_grad          78.35  742      0.11   55.60  
 DiagoDavid    last              10.71  132      0.08   7.60   
 DiagoDavid    refresh           4.71   32       0.15   3.34   
 ElecStatePW   psiToRho          4.85   10       0.49   3.44   
 Forces        cal_force         2.37   1        2.37   1.68   
 Forces        cal_force_nl      2.28   1        2.28   1.62   
 Stress_PW     cal_stress        4.29   1        4.29   3.05   
 Stress        stress_nl         4.19   1        4.19   2.97   
---------------------------------------------------------------


 START  Time  : Sat May 23 19:16:15 2026
 FINISH Time  : Sat May 23 19:18:36 2026
 TOTAL  Time  : 141
 SEE INFORMATION IN : OUT.autotest/
