                                                                                     
                              ABACUS v3.11.0-beta.1

               Atomic-orbital Based Ab-initio Computation at UStc                    

                     Website: http://abacus.ustc.edu.cn/                             
               Documentation: https://abacus.deepmodeling.com/                       
                  Repository: https://github.com/abacusmodeling/abacus-develop       
                              https://github.com/deepmodeling/abacus-develop         
                      Commit: 0e6f73dcd (Sat May 23 14:12:42 2026 +0800)

 Sat May 23 19:18:36 2026
Info: Local MPI proc number: 1,OpenMP thread number: 2,Total thread number: 2,Local thread limit: 96
 MAKE THE DIR         : OUT.autotest/
%%%%%%%%%%%%%%%%%%%%%%%%%%%%%%%%%%%%%%%%%%%%%%%%%%%%%%%%%%%%%%%%%%%%%%%%%%%%%%%
 Warning: The lattice vector is left-handed; a right-handed vector is prefered.
%%%%%%%%%%%%%%%%%%%%%%%%%%%%%%%%%%%%%%%%%%%%%%%%%%%%%%%%%%%%%%%%%%%%%%%%%%%%%%%
 RUNNING WITH DEVICE  : CPU / AMD EPYC 9475F 48-Core Processor (x1)
 WARNING: some of potential function is set to zero cause of less than 1e-30.
 UNIFORM GRID DIM     : 72 * 72 * 72
 UNIFORM GRID DIM(BIG): 72 * 72 * 72
 DONE(0.101793   SEC) : SYMMETRY
 DONE(0.101796   SEC) : SETUP UNITCELL
 DONE(0.143037   SEC) : INIT K-POINTS
 ----------------------------------------------------------------
 Self-consistent calculations for electrons
 ----------------------------------------------------------------
 SPIN    KPOINTS         PROCESSES   THREADS/PROC  THREADS/TOTAL 
 1       10              1           2             2             
 ----------------------------------------------------------------
 Use plane wave basis
 ----------------------------------------------------------------
 ELEMENT NATOM       
 Si      16          
 ----------------------------------------------------------------
 Initial plane wave basis and FFT box
 ----------------------------------------------------------------
 DONE(0.175588   SEC) : INIT PLANEWAVE
 START CHARGE         : atomic
 DONE(0.185607   SEC) : LOCAL POTENTIAL
 DONE(0.204111   SEC) : NON-LOCAL POTENTIAL
 MEMORY FOR PSI (MB)  : 106.897
 WARNING: init_wfc = atomic requires atomic pseudo wavefunctions(PP_PSWFC),
 but none available. Automatically switch to random initialization.
 DONE(0.204148   SEC) : INIT BASIS

 ================================================================
 SELF-CONSISTENT: 
 ================================================================
 DONE(0.566988   SEC) : INIT SCF
 ITER       ETOT/eV          EDIFF/eV         DRHO     TIME/s
 DA1     -1.71620703e+03   0.00000000e+00   4.3835e-01  39.09
 DA2     -1.71555186e+03   6.55172155e-01   2.1289e-01   6.12
 DA3     -1.71573361e+03  -1.81754165e-01   1.1322e-03   6.23
 DA4     -1.71574975e+03  -1.61371190e-02   9.0094e-05  19.15
 DA5     -1.71575007e+03  -3.21966740e-04   1.2037e-05   8.33
 DA6     -1.71575011e+03  -3.74578076e-05   8.8183e-07  11.90
 DA7     -1.71575011e+03  -1.76552830e-06   1.9406e-07  12.38
 DA8     -1.71575011e+03  -2.81832456e-07   1.1920e-08   7.10
 DA9     -1.71575011e+03  -7.76952005e-09   7.2341e-09  14.13
 ----------------------------------------------------------------
              Stress_x             Stress_y             Stress_z 
 ----------------------------------------------------------------
         41.2731435474         0.0000000000         0.0000000000 
          0.0000000000        41.2731435474         0.0000000000 
          0.0000000000         0.0000000000        41.2731435474 
 ----------------------------------------------------------------
 TOTAL-PRESSURE (EXCLUDE KINETIC PART OF IONS): 41.273144 kbar

 TIME STATISTICS
---------------------------------------------------------------
  CLASS_NAME         NAME        TIME/s  CALLS   AVG/s  PER/%  
---------------------------------------------------------------
               total             131.85 17       7.76   100.00 
 Driver        atomic_world      131.85 1        131.85 100.00 
 Relax_Driver  relax_driver      131.63 1        131.63 99.83  
 ESolver_KS    runner            124.79 1        124.79 94.64  
 ESolver_KS_PW hamilt2rho_single 123.90 10       12.39  93.97  
 HSolverPW     solve             123.75 10       12.38  93.86  
 HSolverPW     solve_psik        119.28 100      1.19   90.46  
 DiagoDavid    diag_once         116.82 100      1.17   88.60  
 DiagoDavid    first             21.94  100      0.22   16.64  
 DiagoDavid    SchmidtOrth       10.37  14095    0.00   7.87   
 Operator      hPsi              63.16  844      0.07   47.90  
 Operator      veff_pw           23.82  844      0.03   18.07  
 PW_Basis_K    recip2real        16.22  18295    0.00   12.30  
 PW_Basis_K    real2recip        10.90  14095    0.00   8.27   
 Operator      nonlocal_pw       39.24  844      0.05   29.76  
 Nonlocal      add_nonlocal_pp   16.38  844      0.02   12.43  
 DiagoDavid    cal_elem          11.43  844      0.01   8.67   
 DiagoDavid    diag_zhegvx       1.52   844      0.00   1.15   
 DiagoDavid    cal_grad          72.91  744      0.10   55.30  
 DiagoDavid    last              10.69  132      0.08   8.11   
 DiagoDavid    refresh           4.53   32       0.14   3.44   
 ElecStatePW   psiToRho          4.19   10       0.42   3.18   
 Forces        cal_force         2.54   1        2.54   1.92   
 Forces        cal_force_nl      2.49   1        2.49   1.89   
 Stress_PW     cal_stress        4.31   1        4.31   3.27   
 Stress        stress_nl         4.24   1        4.24   3.22   
---------------------------------------------------------------


 START  Time  : Sat May 23 19:18:36 2026
 FINISH Time  : Sat May 23 19:20:48 2026
 TOTAL  Time  : 132
 SEE INFORMATION IN : OUT.autotest/
