                                                                                     
                              ABACUS v3.11.0-beta.1

               Atomic-orbital Based Ab-initio Computation at UStc                    

                     Website: http://abacus.ustc.edu.cn/                             
               Documentation: https://abacus.deepmodeling.com/                       
                  Repository: https://github.com/abacusmodeling/abacus-develop       
                              https://github.com/deepmodeling/abacus-develop         
                      Commit: 0e6f73dcd (Sat May 23 14:12:42 2026 +0800)

 Sat May 23 18:35:27 2026
Info: Local MPI proc number: 1,OpenMP thread number: 1,Total thread number: 1,Local thread limit: 96
 MAKE THE DIR         : OUT.abacus/
 RUNNING WITH DEVICE  : CPU / AMD EPYC 9475F 48-Core Processor (x1)
 WARNING: some of potential function is set to zero cause of less than 1e-30.
 WARNING: some of potential function is set to zero cause of less than 1e-30.
 UNIFORM GRID DIM     : 128 * 128 * 128
 UNIFORM GRID DIM(BIG): 128 * 128 * 128
 DONE(0.173509   SEC) : SYMMETRY
 DONE(0.173513   SEC) : SETUP UNITCELL
 DONE(0.214044   SEC) : INIT K-POINTS
 ----------------------------------------------------------------
 Self-consistent calculations for electrons
 ----------------------------------------------------------------
 SPIN    KPOINTS         PROCESSES   THREADS/PROC  THREADS/TOTAL 
 1       8               1           1             1             
 ----------------------------------------------------------------
 Use plane wave basis
 ----------------------------------------------------------------
 ELEMENT NATOM       
 H       2           
 O       1           
 ----------------------------------------------------------------
 Initial plane wave basis and FFT box
 ----------------------------------------------------------------
 DONE(0.310786   SEC) : INIT PLANEWAVE
 START CHARGE         : atomic
 DONE(0.426577   SEC) : LOCAL POTENTIAL
 DONE(0.437338   SEC) : NON-LOCAL POTENTIAL
 MEMORY FOR PSI (MB)  : 96.0608
 WARNING: init_wfc = atomic requires atomic pseudo wavefunctions(PP_PSWFC),
 but none available. Automatically switch to random initialization.
 DONE(0.437389   SEC) : INIT BASIS

 ================================================================
 SELF-CONSISTENT: 
 ================================================================
 DONE(3.09396    SEC) : INIT SCF
 ITER       ETOT/eV          EDIFF/eV         DRHO     TIME/s
 CG1     -4.65091696e+02   0.00000000e+00   4.0572e-01  21.09
 CG2     -4.65772403e+02  -6.80706597e-01   4.5596e-02   7.08
 CG3     -4.65775017e+02  -2.61396207e-03   1.4853e-02  10.20
 CG4     -4.65784911e+02  -9.89381553e-03   1.2871e-03   8.19
 CG5     -4.65790774e+02  -5.86359860e-03   8.4697e-04   9.55
 CG6     -4.65790523e+02   2.51391757e-04   7.2266e-04   9.78
 CG7     -4.65791355e+02  -8.32554549e-04   1.7974e-04   7.65
 CG8     -4.65791621e+02  -2.65588820e-04   3.4311e-04  12.03
 CG9     -4.65792075e+02  -4.54165919e-04   4.3449e-05   8.85
 CG10    -4.65792158e+02  -8.25863235e-05   2.0285e-05  12.62
 CG11    -4.65792141e+02   1.63503537e-05   5.4973e-06   9.72
 CG12    -4.65792142e+02  -1.07870555e-06   7.8151e-06  14.69
 CG13    -4.65792102e+02   4.01858659e-05   2.6832e-06  10.70
 CG14    -4.65792111e+02  -8.45473558e-06   6.9328e-07  13.35
 CG15    -4.65792111e+02  -3.66648202e-07   7.2982e-08  13.57
 CG16    -4.65792111e+02  -1.58719574e-07   1.8035e-08  15.41
 CG17    -4.65792112e+02  -3.79681058e-07   2.4994e-08  16.46
 CG18    -4.65792110e+02   1.52677739e-06   2.2490e-09  15.25
 ----------------------------------------------------------------
              Stress_x             Stress_y             Stress_z 
 ----------------------------------------------------------------
         -2.1841845874        -0.3414446939        -0.0690578540 
         -0.3414446939        -2.3749579403        -0.1323587969 
         -0.0690578540        -0.1323587969        -2.0127274266 
 ----------------------------------------------------------------
 TOTAL-PRESSURE (EXCLUDE KINETIC PART OF IONS): -2.190623 kbar

 TIME STATISTICS
-----------------------------------------------------------------
   CLASS_NAME          NAME        TIME/s  CALLS   AVG/s  PER/%  
-----------------------------------------------------------------
                 total             221.37 17       13.02  100.00 
 Driver          atomic_world      221.37 1        221.37 100.00 
 PW_Basis_Sup    recip2real        3.35   137      0.02   1.52   
 Relax_Driver    relax_driver      220.88 1        220.88 99.78  
 ESolver_KS      runner            218.94 1        218.94 98.90  
 ESolver_KS_PW   before_scf        2.66   1        2.66   1.20   
 Potential       cal_veff          7.98   19       0.42   3.61   
 PW_Basis_Sup    real2recip        4.03   176      0.02   1.82   
 PotXC           cal_veff          6.90   19       0.36   3.12   
 XC_Functional   v_xc              6.88   19       0.36   3.11   
 Symmetry_rho    begin             3.50   19       0.18   1.58   
 Symmetry        rhog_symmetry     2.49   19       0.13   1.12   
 DiagoIterAssist diag_subspace     27.77  144      0.19   12.54  
 Operator        hPsi              179.70 5063     0.04   81.18  
 Operator        veff_pw           169.49 5063     0.03   76.57  
 PW_Basis_K      recip2real        95.83  6647     0.01   43.29  
 PW_Basis_K      real2recip        79.61  5783     0.01   35.96  
 Operator        nonlocal_pw       9.83   5063     0.00   4.44   
 Nonlocal        add_nonlocal_pp   4.14   5063     0.00   1.87   
 ESolver_KS_PW   hamilt2rho_single 206.71 18       11.48  93.38  
 HSolverPW       solve             203.40 18       11.30  91.88  
 HSolverPW       solve_psik        188.70 144      1.31   85.24  
 DiagoCG         diag_once         162.36 144      1.13   73.34  
 ElecStatePW     psiToRho          12.93  18       0.72   5.84   
-----------------------------------------------------------------


 START  Time  : Sat May 23 18:35:27 2026
 FINISH Time  : Sat May 23 18:39:09 2026
 TOTAL  Time  : 222
 SEE INFORMATION IN : OUT.abacus/
real 221.63
user 218.90
sys 2.40
