                                                                                     
                              ABACUS v3.11.0-beta.1

               Atomic-orbital Based Ab-initio Computation at UStc                    

                     Website: http://abacus.ustc.edu.cn/                             
               Documentation: https://abacus.deepmodeling.com/                       
                  Repository: https://github.com/abacusmodeling/abacus-develop       
                              https://github.com/deepmodeling/abacus-develop         
                      Commit: 0e6f73dcd (Sat May 23 14:12:42 2026 +0800)

 Sat May 23 19:26:19 2026
Info: Local MPI proc number: 1,OpenMP thread number: 4,Total thread number: 4,Local thread limit: 96
 THE PARAMETER NAME 'out_dm' IS INCORRECT!
 
 ---------------------------------------------------------
                         !NOTICE!                         
 ---------------------------------------------------------
 
 Bad parameter, please check the input parameters in file INPUT
 CHECK IN FILE : warning.log
 
 For detailed manual of ABACUS, please see the website
 https://abacus.deepmodeling.com
 For any questions, propose issues on the website
 https://github.com/deepmodeling/abacus-develop/issues
 ---------------------------------------------------------
                         !NOTICE!                         
 ---------------------------------------------------------

 TIME STATISTICS
-----------------------------------------------------
 CLASS_NAME    NAME    TIME/s  CALLS   AVG/s  PER/%  
-----------------------------------------------------
            total      0.00   1        0.00   100.00 
-----------------------------------------------------

 See output information in : 
